******************************************************************************
                  TI ARM Linker PC v16.9.4                     
******************************************************************************
>> Linked Sun Oct 15 14:24:19 2023

OUTPUT FILE NAME:   <Autoscar.out>
ENTRY POINT SYMBOL: "_c_int00"  address: 00000839


MEMORY CONFIGURATION

         name            origin    length      used     unused   attr    fill
----------------------  --------  ---------  --------  --------  ----  --------
  FLASH                 00000000   00040000  00000a72  0003f58e  R  X
  SRAM                  20000000   00008000  0000021a  00007de6  RW X


SEGMENT ALLOCATION MAP

run origin  load origin   length   init length attrs members
----------  ----------- ---------- ----------- ----- -------
00000000    00000000    00000a78   00000a78    r-x
  00000000    00000000    0000026c   0000026c    r-- .intvecs
  0000026c    0000026c    000007ce   000007ce    r-x .text
  00000a40    00000a40    00000038   00000038    r-- .cinit
20000000    20000000    0000021a   00000000    rw-
  20000000    20000000    00000200   00000000    rw- .stack
  20000200    20000200    00000018   00000000    rw- .data
  20000218    20000218    00000002   00000000    rw- .bss


SECTION ALLOCATION MAP

 output                                  attributes/
section   page    origin      length       input sections
--------  ----  ----------  ----------   ----------------
.intvecs   0    00000000    0000026c     
                  00000000    0000026c     tm4c123gh6pm_startup_ccs.obj (.intvecs)

.text      0    0000026c    000007ce     
                  0000026c    00000320     DIO.obj (.text)
                  0000058c    0000009c     rtsv7M4_T_le_v4SPD16_eabi.lib : memcpy_t2.obj (.text)
                  00000628    0000007a                                   : memset_t2.obj (.text)
                  000006a2    00000002                                   : mpu_init.obj (.text)
                  000006a4    00000070                                   : autoinit.obj (.text)
                  00000714    00000068                                   : copy_decompress_lzss.obj (.text:decompress:lzss)
                  0000077c    00000060     Rte.obj (.text)
                  000007dc    0000005c     Port.obj (.text)
                  00000838    00000054     rtsv7M4_T_le_v4SPD16_eabi.lib : boot.obj (.text)
                  0000088c    00000054                                   : exit.obj (.text)
                  000008e0    0000004c                                   : cpy_tbl.obj (.text)
                  0000092c    00000040     main.obj (.text)
                  0000096c    00000036     IO_HWAbs.obj (.text)
                  000009a2    00000024     SWC_1.obj (.text)
                  000009c6    0000001c     SWC_2.obj (.text)
                  000009e2    00000002     rtsv7M4_T_le_v4SPD16_eabi.lib : startup.obj (.text)
                  000009e4    00000018                                   : args_main.obj (.text)
                  000009fc    00000014                                   : _lock.obj (.text)
                  00000a10    0000000e                                   : copy_decompress_none.obj (.text:decompress:none)
                  00000a1e    0000000c                                   : copy_zero_init.obj (.text:decompress:ZI)
                  00000a2a    0000000c     tm4c123gh6pm_startup_ccs.obj (.text)
                  00000a36    00000004     rtsv7M4_T_le_v4SPD16_eabi.lib : pre_init.obj (.text)

.cinit     0    00000a40    00000038     
                  00000a40    00000011     (.cinit..data.load) [load image, compression = lzss]
                  00000a51    00000003     --HOLE-- [fill = 0]
                  00000a54    0000000c     (__TI_handler_table)
                  00000a60    00000008     (.cinit..bss.load) [load image, compression = zero_init]
                  00000a68    00000010     (__TI_cinit_table)

.init_array 
*          0    00000000    00000000     UNINITIALIZED

.stack     0    20000000    00000200     UNINITIALIZED
                  20000000    00000200     --HOLE--

.data      0    20000200    00000018     UNINITIALIZED
                  20000200    0000000c     rtsv7M4_T_le_v4SPD16_eabi.lib : exit.obj (.data:$O1$$)
                  2000020c    00000008                                   : _lock.obj (.data:$O1$$)
                  20000214    00000004                                   : stkdepth_vars.obj (.data)

.bss       0    20000218    00000002     UNINITIALIZED
                  20000218    00000002     (.common:SWC_1_SR_SPort_SR_Button_State)

MODULE SUMMARY

       Module                         code   ro data   rw data
       ------                         ----   -------   -------
    .\
       DIO.obj                        800    0         0      
       tm4c123gh6pm_startup_ccs.obj   12     620       0      
       Rte.obj                        96     0         2      
       Port.obj                       92     0         0      
       main.obj                       64     0         0      
       IO_HWAbs.obj                   54     0         0      
       SWC_1.obj                      36     0         0      
       SWC_2.obj                      28     0         0      
    +--+------------------------------+------+---------+---------+
       Total:                         1182   620       2      
                                                              
    C:\ti\ccsv7\tools\compiler\ti-cgt-arm_16.9.4.LTS\lib\rtsv7M4_T_le_v4SPD16_eabi.lib
       memcpy_t2.obj                  156    0         0      
       memset_t2.obj                  122    0         0      
       autoinit.obj                   112    0         0      
       copy_decompress_lzss.obj       104    0         0      
       exit.obj                       84     0         12     
       boot.obj                       84     0         0      
       cpy_tbl.obj                    76     0         0      
       _lock.obj                      20     0         8      
       args_main.obj                  24     0         0      
       copy_decompress_none.obj       14     0         0      
       copy_zero_init.obj             12     0         0      
       pre_init.obj                   4      0         0      
       stkdepth_vars.obj              0      0         4      
       mpu_init.obj                   2      0         0      
       startup.obj                    2      0         0      
    +--+------------------------------+------+---------+---------+
       Total:                         816    0         24     
                                                              
       Stack:                         0      0         512    
       Linker Generated:              0      53        0      
    +--+------------------------------+------+---------+---------+
       Grand Total:                   1998   673       538    


LINKER GENERATED COPY TABLES

__TI_cinit_table @ 00000a68 records: 2, size/record: 8, table size: 16
	.data: load addr=00000a40, load size=00000011 bytes, run addr=20000200, run size=00000018 bytes, compression=lzss
	.bss: load addr=00000a60, load size=00000008 bytes, run addr=20000218, run size=00000002 bytes, compression=zero_init


LINKER GENERATED HANDLER TABLE

__TI_handler_table @ 00000a54 records: 3, size/record: 4, table size: 12
	index: 0, handler: __TI_decompress_lzss
	index: 1, handler: __TI_decompress_none
	index: 2, handler: __TI_zero_init


GLOBAL SYMBOLS: SORTED ALPHABETICALLY BY Name 

address   name                                    
-------   ----                                    
0000088d  C$$EXIT                                 
0000026d  Dio_ReadChannel                         
00000499  Dio_ReadPort                            
0000033d  Dio_WriteChannel                        
00000509  Dio_WritePort                           
0000099b  Init                                    
000007dd  Port_Init                               
00000a2b  ResetISR                                
000007ab  Rte_Read_SWC_2_SR_RPort_SR_Button_State 
0000077d  Rte_Write_SWC_1_SR_SPort_SR_Button_State
UNDEFED   SHT$$INIT_ARRAY$$Base                   
UNDEFED   SHT$$INIT_ARRAY$$Limit                  
000009a3  SWC_1_Runnable_1                        
20000218  SWC_1_SR_SPort_SR_Button_State          
000009c7  SWC_2_Runnable_1                        
00000945  Simple_Delay                            
20000200  __STACK_END                             
00000200  __STACK_SIZE                            
20000200  __STACK_TOP                             
00000a68  __TI_CINIT_Base                         
00000a78  __TI_CINIT_Limit                        
00000a54  __TI_Handler_Table_Base                 
00000a60  __TI_Handler_Table_Limit                
000006a5  __TI_auto_init                          
20000200  __TI_cleanup_ptr                        
00000715  __TI_decompress_lzss                    
00000a11  __TI_decompress_none                    
20000204  __TI_dtors_ptr                          
20000208  __TI_enable_exit_profile_output         
ffffffff  __TI_pprof_out_hndl                     
ffffffff  __TI_prof_data_size                     
ffffffff  __TI_prof_data_start                    
00000000  __TI_static_base__                      
00000a1f  __TI_zero_init                          
00000629  __aeabi_memclr                          
00000629  __aeabi_memclr4                         
00000629  __aeabi_memclr8                         
0000058d  __aeabi_memcpy                          
0000058d  __aeabi_memcpy4                         
0000058d  __aeabi_memcpy8                         
0000062b  __aeabi_memset                          
0000062b  __aeabi_memset4                         
0000062b  __aeabi_memset8                         
ffffffff  __binit__                               
ffffffff  __c_args__                              
000006a3  __mpu_init                              
20000000  __stack                                 
000009e5  _args_main                              
00000839  _c_int00                                
2000020c  _lock                                   
00000a0b  _nop                                    
00000a03  _register_lock                          
000009fd  _register_unlock                        
000009e3  _system_post_cinit                      
00000a37  _system_pre_init                        
20000210  _unlock                                 
00000891  abort                                   
ffffffff  binit                                   
000008e1  copy_in                                 
00000899  exit                                    
00000000  g_pfnVectors                            
0000096d  get_Pin                                 
0000092d  main                                    
20000214  main_func_sp                            
0000058d  memcpy                                  
00000631  memset                                  
00000983  set_Pin                                 


GLOBAL SYMBOLS: SORTED BY Symbol Address 

address   name                                    
-------   ----                                    
00000000  __TI_static_base__                      
00000000  g_pfnVectors                            
00000200  __STACK_SIZE                            
0000026d  Dio_ReadChannel                         
0000033d  Dio_WriteChannel                        
00000499  Dio_ReadPort                            
00000509  Dio_WritePort                           
0000058d  __aeabi_memcpy                          
0000058d  __aeabi_memcpy4                         
0000058d  __aeabi_memcpy8                         
0000058d  memcpy                                  
00000629  __aeabi_memclr                          
00000629  __aeabi_memclr4                         
00000629  __aeabi_memclr8                         
0000062b  __aeabi_memset                          
0000062b  __aeabi_memset4                         
0000062b  __aeabi_memset8                         
00000631  memset                                  
000006a3  __mpu_init                              
000006a5  __TI_auto_init                          
00000715  __TI_decompress_lzss                    
0000077d  Rte_Write_SWC_1_SR_SPort_SR_Button_State
000007ab  Rte_Read_SWC_2_SR_RPort_SR_Button_State 
000007dd  Port_Init                               
00000839  _c_int00                                
0000088d  C$$EXIT                                 
00000891  abort                                   
00000899  exit                                    
000008e1  copy_in                                 
0000092d  main                                    
00000945  Simple_Delay                            
0000096d  get_Pin                                 
00000983  set_Pin                                 
0000099b  Init                                    
000009a3  SWC_1_Runnable_1                        
000009c7  SWC_2_Runnable_1                        
000009e3  _system_post_cinit                      
000009e5  _args_main                              
000009fd  _register_unlock                        
00000a03  _register_lock                          
00000a0b  _nop                                    
00000a11  __TI_decompress_none                    
00000a1f  __TI_zero_init                          
00000a2b  ResetISR                                
00000a37  _system_pre_init                        
00000a54  __TI_Handler_Table_Base                 
00000a60  __TI_Handler_Table_Limit                
00000a68  __TI_CINIT_Base                         
00000a78  __TI_CINIT_Limit                        
20000000  __stack                                 
20000200  __STACK_END                             
20000200  __STACK_TOP                             
20000200  __TI_cleanup_ptr                        
20000204  __TI_dtors_ptr                          
20000208  __TI_enable_exit_profile_output         
2000020c  _lock                                   
20000210  _unlock                                 
20000214  main_func_sp                            
20000218  SWC_1_SR_SPort_SR_Button_State          
ffffffff  __TI_pprof_out_hndl                     
ffffffff  __TI_prof_data_size                     
ffffffff  __TI_prof_data_start                    
ffffffff  __binit__                               
ffffffff  __c_args__                              
ffffffff  binit                                   
UNDEFED   SHT$$INIT_ARRAY$$Base                   
UNDEFED   SHT$$INIT_ARRAY$$Limit                  

[67 symbols]
